Programming languages are ______ languages that have been designed to express computations.
formal

Which one of the following Python expressions computes the total number of seconds in 21 minutes and 21 seconds?
21 * 60 + 21

Consider the following text from a Python interpreter.
>>> print(2 + 2)
4
What is the text ">>>" called?
a prompt

Consider the following text from a Python interpreter.
>>> print(2 + 2)
4
What is the text "print" called?
a function

What is Python’s response to the command: type(123)
<class 'int'>

Which one of the following Python expressions has the value 64?
8 ** 2

The correct answer is: An error in a program. → bug, The process of finding and removing any of the three kinds of programming errors. → debugging, Any one of the languages that people have designed for specific purposes, such as representing mathematical ideas or computer programs; all programming languages are these kinds of languages. → formal language, A programming language like Python that is designed to be easy for humans to read and write. → high-level language, A program that reads another program and executes it. → interpreter, A programming language that is designed to be easy for a computer to execute; also called machine language or assembly language. → low-level language, Any one of the languages that people speak that evolved naturally. → natural language, To examine a program and analyze the syntactic structure. → parse, A property of a program that can run on more than one kind of computer. → portability, An instruction that causes the Python interpreter to display a value on the screen. → print statement, The process of formulating a problem, finding a solution, and expressing the solution. → problem solving, A sequence of instructions that specifies to a computer actions and computations to be performed. → program, A program stored in a file (usually one that will be interpreted). → script, The structure of a program. → syntax, One of the basic elements of the syntactic structure of a program, analogous to a word in a natural language. → token

Consider the following text from a Python interpreter.
>>> print(2 + 2)
4
What is the text "print(2 + 2)" called?
a statement

Which one of the following Python expressions has the value 10?
8^2

A program is a sequence of instructions that specifies how to perform a computation.
True

What output will the following Python statements produce?
>>> print (2*3-1)
5

What output will the following Python statements produce?
>>> print ((1+1)**(5-2))
8

What output will the following Python statements produce?
>>>percentage = ( 60.0 * 100.0 ) / 55.0
>>>print (percentage)
109.0909090909091

What output will the following Python statements produce?
>>> n = 17
>>> print (n)
17

What output will the following Python statement produce?
>>> print ((1,000,000))
(1, 0, 0)

An error that is detected while the program is running is referred to as:
an exception

What is the output of the Python code below when run in script mode?
y = 3
x = 5
x + y
“x + y”
no output

What do we call the value provided to a function when the function is called (which is assigned to the corresponding parameter in the function)?
argument

The correct answer is: A statement that creates a new variable and gives it a value. → assignment statement, Information in a program that is meant for other programmers (or anyone reading the source code) and has no effect on the execution of the program. → comment, The ability to combine simple expressions and statements into compound statements and expressions in order to represent complex computations concisely. → composition, To join two operands end-to-end. → concatenate, What the Python interpreter does to an expression to find its value. → evaluate, A combination of variables, operators, and values that represents a single result value. → expression, A Python data type that stores floating-point numbers. → float, A Python data type that holds positive and negative whole numbers. → int, A reserved word that is used by the interpreter to parse programs. → keyword, One of the values on which an operator operates. → operand, A special symbol that represents a simple computation like addition, multiplication, or string concatenation. → operator, A unit of code that the Python interpreter can execute. → statement, A Python data type that holds a string of characters. → str, A number or letter that can be stored in a variable or evaluated in an expression. → value, A name that refers to a value. → variable

When defining a Python function that has no parameters, the parentheses that follow the function’s name are optional.
False

The * operator also works on strings for which it performs repetition.
True

In Python, the ‘+’ operator can be used with numbers and with strings. What is a property that number addition has, but string concatenation does not?
expression value does not depend on the order of numeric addition operands

Programmers generally choose names for their variables that are meaningful and document what the variable is used for.
True

A program is a sequence of instructions that specifies how to perform a computation.
True

As programs get bigger and more complicated, they get more difficult to read. This is one reason why programmers should use comments in their code.
True

In a script, an expression all by itself is a legal statement, but it does not do anything.
True

In Python, the expression “a ** (b ** c)” is the same as “(a ** b)
False

Using Python keywords for variable names will result in a ________________
syntax error

A script usually contains a sequence of statements. If there is more than one statement, the results appear one at a time as the statements execute.
True

The acronym PEMDAS is a way to remember the order of operations in Python.
True

When a Python function is called, inside the function, the arguments are assigned to variables called parameters.
True

Python functions may or may not take arguments and may or may not return a result.
True

An expression is a combination of values, variables, and operators. If you type an expression on the command line, the interpreter evaluates it and displays the result.
True

What is the output of the code below assuming that global variable x has value 2 and global y has value 3?
def f1():
    return "ab"
 def f2():
    return f1() * x
 def f3():
    return f2() + f1() * y
 print(f3())
ababababab

A property of a program that can run on more than one kind of computer is called portability.
True

Which of the following is an invalid Python assignment statement?
'3' = 3

Chained conditionals are used when there are three or more possibilities.
True

A development approach that that is intended to avoid a lot of debugging by only adding and testing small amounts of code at a time is called.
incremental development

Functions can only return Boolean expressions.
False

The modulus operator is the same as the divide operator.
False

Encapsulation is the process of wrapping a piece of code in a function
True

A function that returns an integer value grater than 0 is called a boolean function.
False

With built in functions, it is generally acceptable to take a "Leap of Faith".
True

Boolean expressions control _________________
all of the above

The int function can convert floating-point values to integers, and it performs rounding up/down as needed.
False

"Dead code" is code that performs calculations but never displays the results.
False

A Python loop where the terminating condition is never achieved is called _______.
an infinite loop

What is the value of the following Python expression? "Xanadu" > "Yellowstone"
False

What does Python function subroutine do?
def subroutine( n ):
    while n > 0:
        print (n,)
        n = n - 1
Counts from n down to 1 and displays each number

For the Python program below, will there be any output, and will the program terminate?
while True:
    while 1 > 0:
        break
    print("Got it!")
    break
Yes and yes

An algorithm is a general process for solving a category of problems.
True

Python allows while loops inside while loops and if statements within the body of if statements.
True

Traversal can only be accomplished with the "while" loop.
False

What is the output of the following Python program?
mylist = ["now", "four", "is", "score", "the", "and seven", "time", "years", "for"]
print(" ".join(mylist[1::2]))
four score and seven years

The Python expression 'Unit 6'[-1] has value '6'.
True

What is the output of the following Python program?
index = "Ability is a poor man's wealth".find("w")
print(index)
24

What is the output of the Python code below?
my_list = [3, 2, 1]
print(my_list)
[3, 2, 1]

The elements of a list are immutable.
False

String objects are modified with string slices.
False

This Python code:
for fruit in ["banana", "apple", "quince"]:
    print (fruit)
will produce this output:
banana apple quince
False

To create a new object that has the same value as an existing object is knows as creating an alias.
False

In Python, a list of characters is the same as a string.
False

What is the output of the following Python program?
mylist = [ [2,4,1], [1,2,3], [2,3,5] ]
a=0
total = 0
while a < 3:
    b = 0
    while b < 2:
        total += mylist[a][b]
        b += 1
    a += 1
print(total)
14

A variable that has a data type of "str" cannot be part of a compound data type

What is the output of the Python code below?
my_list = [3, 2, 1]
print(my_list.sort())
None

What is the output of the following Python program?

What is the output of the following Python program? 
fruit = "banana"
letter = fruit[1]
print (letter)
a

What is the output of the following Python program? 
mylist = [ [2,4,1], [1,2,3], [2,3,5] ]
total = 0
for sublist in mylist:
    total += sum(sublist)
print(total) 
23

index = "Ability is a poor man's wealth".find("W")
print(index)
-1

mylist = ["now", "four", "is", "score", "the", "and seven", "time", "years", "for"]
a=0
while a < 8:
    print(mylist[a],)
    a = a + 2
now is the time

What output will the following statements produce using Python in interactive mode?
>>> n = 2
>>> n = n + 5
>>> n
7

What output will the following Python program produce?
n = 10
while n != 1:
    print (n,)
    if n % 2 == 0: # n is even
        n = n // 2
    else: # n is odd
        n = n * 3 + 1
10 5 16 8 4 2

The following Python code illustrates what programming concept?
bruce = 5
print (bruce,)
bruce = 7
print (bruce)
Reassignment

The statements inside of a Python loop are known as the ____ of the loop.
body

The following Python script will generate an error when executed.  What is the cause of the error?
def function2(param):
    print (param, param)
    print (cat)
def function1(part1, part2):
    cat = part1 + part2
    function2(cat)
chant1 = "See You "
chant2 = "See Me "
function1(chant1, chant2)
The variable cat is local to function1 and cannot be used in function2

What output will the following code produce?
def area(l, w):
    temp = l * w;
    return temp
l = 4.0
w = 3.25
x = area(l, w)
if ( x ):
  print (x)
13.0

What output will the following Python script produce?
def function2(param):
    print (param, param)
def function1(part1, part2):
    cat = part1 + part2
    function2(cat)
chant1 = "See You "
chant2 = "See Me "
function1(chant1, chant2)
See You See Me See You See Me

What will the output of this program be when it is executed?
def test_function( length, width, height):
    print ("the area of the box is ", length*width*height)
    return length*width*height
l = 12.5
w = 5
h = 2
test_function(l, w, h)
print ("The area of the box is ", length*width*height)
A NameError because a variable not defined

What will the output of this python program be?
def test_function( length, width, height):
    print ("the area of the box is ",length*width*height)
    return length*width*height
l = 12.5
w = 5
h = 2
test_function(l, w, h)
The area of the box is 125.0

What is the output of the Python code below?
n = int(10.)
print(isinstance(n, float), isinstance(n * 1.0, float))
False True

The order in which statements are executed during a program run.
flow of execution

The first part of a compound statement begins with a keyword and ends with a colon ( : )
header

A statement that executes a function. It consists of the name of the function followed by a list of arguments enclosed in parentheses.
function call

A variable defined inside a function that can only be used inside its function.
local various

A graphical representation of functions, their variables, and the values to which they refer.
stack diagram

A stack diagram shows the value of each variable and the function to which each variable belongs.
True

What is the return type of the Python function shown below?
isinstance(10.001, float)
bool

What is the output of the Python code below?
s = "help"
for letter in s[1:]:
      last = letter
      break
print(last)

A development approach that is intended to avoid a lot of debugging by only adding and testing small amounts of code at a time is called:
incremental development

The Python 3 program below prints the number 3.
s = "Python3"
print(s[len(s)])

If you use a Python dictionary in a for statement, it traverses the _____ of the dictionary.
keys

Python dictionaries are mutable.
True

Assume that d is a Python dictionary. What does the following Python code produce?
for k in d:
    if d[k] == v:
        return k
a reverse lookup

Traversal can only be accomplished with the "while" loop.
False

What will the contents of mylist be after the following Python code has been executed?
>>> mylist = [1, 4, 2, 3]
>>> mylist.append(5)
[1, 4, 2, 3, 5]

What is the output of the Python code below?
my_list = [3, 2, 1]
print(my_list.sort())
None

Which of the following types are allowed for Python dictionary values?
All of the above

What is the output of the Python code below?
 print(dict().get("no", "help!"))
help!

Assume that d is a Python dictionary. What does the following Python code produce?
result = dict()
for key in d:
    val = d[key]
    if val not in result:
        result[val] = [key]
    else:
        result[val].append(key)
an inverted dictionary

What is the output of the Python code below?
my_tup = (3, 2, 1, 2)
print(tuple(sorted(my_tup)))
(1, 2, 2, 3)

Given a Python dictionary d and a value v, it is efficient to find the corresponding key: d[k] = v.
False

What is the value of the following Python expression?
(0, 1, 5, 2) > (0, 1.0, 4, 3.1)
True

Python tuples are immutable.
True

Python functions can take a variable number of arguments.
True

Which of the following types are allowed for Python dictionary keys?
tuple

In the following segment of Python code, what do we call the portion of the statement that follows the dot('.capitalize')?
str.capitalize('maryland')
Method

Assume that d is a Python dictionary. What does the following Python code produce?
d.items()
a list of tuples

What is the output from the following interactive Python statement?
>>> '%g' % '0.1'
TypeError: float argument required, not str

Assume the following Python code has already executed.
import os
cwd = os.getcwd()
Which answer is most likely output from the following Python statement?
os.path.abspath(cwd)
/Users/me

Which of the following Python statements runs without error?
open('three.txt','w').write(str(3))

What is the output of the Python code below?
 print('%d + %d + %d = %d' % (1, 2, 3, 1+2+3))
1 + 2 + 3 = 6

What is the output from the following interactive Python statement?
>>> '%g' % (0,1)
TypeError: not all arguments converted during string formatting

What is the output from the following interactive Python statement?
>>> '%g %d' % (0.1)
TypeError: not enough arguments for format string

Assume the following Python code has already executed.
import os
cwd = os.getcwd()
Which answer is most likely output from the following Python statement?
os.path.isdir(cwd)
True

Consider the following Python program.
fin = open('words.txt')
for line in fin:
    word = line.strip()
    print(word)
What is word?
A string with no newline

Consider the following Python program.
fin = open('words.txt')
for line in fin:
    word = line.strip()
    print(word)
What is fin?
A file object

What is the output of the following Python program?
try:
    fin = open('answer.txt')
    fin.write('Yes')
except:
    print('No')
print('Maybe')
Maybe

Exceptions allow the programmer to _________________.
write code to handle runtime errors

Assume the following Python code has already executed.
import os
cwd = os.getcwd()
Which answer is most likely output from the following Python statement?
os.path.exists(cwd)
True

What is the output from the following interactive Python statement?
>>> '%g' % (0.1)
'0.1'

Consider the following Python program.
fin = open('words.txt')
for line in fin:
    word = line.strip()
    print(word)
What is line?
A string that may have a newline

Assume the following Python code has already executed.
import os
cwd = os.getcwd()
Which answer is most likely output from the following Python statement?
os.path.isfile(cwd)
False

Assume the following Python code has already executed.
import os
cwd = os.getcwd()
Which answer is most likely output from the following Python statement?
os.path.join(cwd, 'Documents/file.txt')
/Users/me/Documents/file.txt

Assume the following Python code has already executed.
import os
cwd = os.getcwd()
Which answer is most likely output from the following Python statement?
os.listdir(cwd)
['Music', 'Pictures', 'Desktop', 'Library', 'Documents', 'Downloads']

Handling an exception with a try statement is called throwing an exception.
False

Consider the following Python program.
fin = open('words.txt')
for line in fin:
    word = line.strip()
    print(word)
What does the program loop over?
Lines in a file

Any one of the languages that people have designed for specific purposes, such as representing mathematical ideas or computer programs; all programming languages are this kind of languages.
formal language

An error that does not occur until the program has started to execute but that prevents the program from continuing.
natural language

An error in a program that makes it do something other than what the programmer intended.
semantic error

An error that does not occur until the program has started to execute but that prevents the program from continuing.
runtime error

The meaning of a program
semantics

An error in a program that makes it impossible to parse — and therefore impossible to interpret.
syntax

To create a new object that has the same value as an existing object is know as creating an alias.
token

What output will the following code produce?
print ("%s %d %f" % (5, 5, 5))
5 5 5.000000

What is the output of the Python code below?
my_list = [3, 2, 1]
print(my_list.sort())
None

In Python, a list of characters is the same as a string.
False

Learning to debug can be frustrating, but it is a valuable skill that is useful for many activities beyond programming.
True